
> react-kavia@0.1.0 start
> react-scripts start

Attempting to bind to HOST environment variable: 0.0.0.0
If this was unintentional, check that you haven't mistakenly set it in your shell.
Learn more here: https://cra.link/advanced-config

(node:120388) [DEP_WEBPACK_DEV_SERVER_ON_AFTER_SETUP_MIDDLEWARE] DeprecationWarning: 'onAfterSetupMiddleware' option is deprecated. Please use the 'setupMiddlewares' option.
(Use `node --trace-deprecation ...` to show where the warning was created)
(node:120388) [DEP_WEBPACK_DEV_SERVER_ON_BEFORE_SETUP_MIDDLEWARE] DeprecationWarning: 'onBeforeSetupMiddleware' option is deprecated. Please use the 'setupMiddlewares' option.
Starting the development server...

Compiled successfully!

You can now view react-kavia in the browser.

  Local:            http://localhost:3000
  On Your Network:  http://172.17.0.2:3000

Note that the development build is not optimized.
To create a production build, use npm run build.

webpack compiled successfully
Compiling...
Failed to compile.

[eslint] 
src/pages/AdminDashboard.js
  Line 308:18:  'certStats' is not defined          no-undef
  Line 315:18:  'certStats' is not defined          no-undef
  Line 322:18:  'certStats' is not defined          no-undef
  Line 352:12:  'RecentUsersWidget' is not defined  react/jsx-no-undef

Search for the keywords to learn more about each error.
WARNING in [eslint] 
src/pages/AdminDashboard.js
  Line 24:10:   'modalApp' is assigned a value but never used       no-unused-vars
  Line 25:10:   'modalAction' is assigned a value but never used    no-unused-vars
  Line 52:10:   'auditLog' is assigned a value but never used       no-unused-vars
  Line 53:10:   'auditLoading' is assigned a value but never used   no-unused-vars
  Line 207:18:  'handleDownloadDocument' is defined but never used  no-unused-vars

ERROR in [eslint] 
src/pages/AdminDashboard.js
  Line 308:18:  'certStats' is not defined          no-undef
  Line 315:18:  'certStats' is not defined          no-undef
  Line 322:18:  'certStats' is not defined          no-undef
  Line 352:12:  'RecentUsersWidget' is not defined  react/jsx-no-undef

Search for the keywords to learn more about each error.

webpack compiled with 1 error and 1 warning
Compiling...
Failed to compile.

[eslint] 
src/pages/AdminDashboard.js
  Line 308:18:  'certStats' is not defined  no-undef
  Line 315:18:  'certStats' is not defined  no-undef
  Line 322:18:  'certStats' is not defined  no-undef

Search for the keywords to learn more about each error.
WARNING in [eslint] 
src/pages/AdminDashboard.js
  Line 24:10:   'modalApp' is assigned a value but never used       no-unused-vars
  Line 25:10:   'modalAction' is assigned a value but never used    no-unused-vars
  Line 52:10:   'auditLog' is assigned a value but never used       no-unused-vars
  Line 53:10:   'auditLoading' is assigned a value but never used   no-unused-vars
  Line 207:18:  'handleDownloadDocument' is defined but never used  no-unused-vars

ERROR in [eslint] 
src/pages/AdminDashboard.js
  Line 308:18:  'certStats' is not defined  no-undef
  Line 315:18:  'certStats' is not defined  no-undef
  Line 322:18:  'certStats' is not defined  no-undef

Search for the keywords to learn more about each error.

webpack compiled with 1 error and 1 warning
Compiling...
Compiled with warnings.

[eslint] 
src/pages/AdminDashboard.js
  Line 24:10:   'modalApp' is assigned a value but never used       no-unused-vars
  Line 25:10:   'modalAction' is assigned a value but never used    no-unused-vars
  Line 59:10:   'auditLog' is assigned a value but never used       no-unused-vars
  Line 60:10:   'auditLoading' is assigned a value but never used   no-unused-vars
  Line 242:18:  'handleDownloadDocument' is defined but never used  no-unused-vars

Search for the keywords to learn more about each warning.
To ignore, add // eslint-disable-next-line to the line before.

WARNING in [eslint] 
src/pages/AdminDashboard.js
  Line 24:10:   'modalApp' is assigned a value but never used       no-unused-vars
  Line 25:10:   'modalAction' is assigned a value but never used    no-unused-vars
  Line 59:10:   'auditLog' is assigned a value but never used       no-unused-vars
  Line 60:10:   'auditLoading' is assigned a value but never used   no-unused-vars
  Line 242:18:  'handleDownloadDocument' is defined but never used  no-unused-vars

webpack compiled with 1 warning
